
> @cosmas/utils@0.0.0 build C:\projects\cosmasautos\packages\utils
> tsup

[34mCLI[39m Building entry: src/index.ts
[34mCLI[39m Using tsconfig: tsconfig.json
[34mCLI[39m tsup v8.5.1
[34mCLI[39m Using tsup config: C:\projects\cosmasautos\packages\utils\tsup.config.ts
[34mCLI[39m Target: es2022
[34mCLI[39m Cleaning output folder
[34mCJS[39m Build start
[34mESM[39m Build start
Generated an empty chunk: "index".
[32mCJS[39m [1mdist\index.js [22m[32m15.00 B[39m
[32mCJS[39m ⚡️ Build success in 239ms
Generated an empty chunk: "index".
[32mESM[39m [1mdist\index.mjs [22m[32m1.00 B[39m
[32mESM[39m ⚡️ Build success in 363ms
[34mDTS[39m Build start
[32mDTS[39m ⚡️ Build success in 3344ms
[32mDTS[39m [1mdist\index.d.ts  [22m[32m13.00 B[39m
[32mDTS[39m [1mdist\index.d.mts [22m[32m13.00 B[39m
